<?xml version="1.0" encoding="UTF-8"?><permutations>
<permutation name="A621A9225383D016148243B86B006B17">
<locale>default</locale>
<phonegap.env>no</phonegap.env>
<mgwt.density>xhigh</mgwt.density>
</permutation>
<permutation name="0A5720EB214CFADD5EBF181F788B8598">
<phonegap.env>no</phonegap.env>
<locale>zh</locale>
<mgwt.density>high</mgwt.density>
</permutation>
<permutation name="3883FFD32018B8AEB339546923851664">
<phonegap.env>yes</phonegap.env>
<locale>en</locale>
<mgwt.density>xhigh</mgwt.density>
</permutation>
<permutation name="50F971175B1AAC52A9A53E399A3D415B">
<mgwt.density>mid</mgwt.density>
<phonegap.env>no</phonegap.env>
<locale>en</locale>
</permutation>
<permutation name="5295031D29F3536172525019C4116F59">
<phonegap.env>yes</phonegap.env>
<locale>default</locale>
<mgwt.density>xhigh</mgwt.density>
</permutation>
<permutation name="B4797B93D503D21FE7BC5409D7F44D38">
<locale>default</locale>
<phonegap.env>no</phonegap.env>
<mgwt.density>high</mgwt.density>
</permutation>
<permutation name="D7ECC7DB3D88A394F9894E1CC35E331D">
<phonegap.env>yes</phonegap.env>
<mgwt.density>mid</mgwt.density>
<locale>zh</locale>
</permutation>
<permutation name="93B7FF8F998DDB1E065D47F5B3ABB1DA">
<phonegap.env>yes</phonegap.env>
<locale>default</locale>
<mgwt.density>high</mgwt.density>
</permutation>
<permutation name="D947031375815E4F069F9BAB0CEDF879">
<phonegap.env>yes</phonegap.env>
<locale>zh</locale>
<mgwt.density>high</mgwt.density>
</permutation>
<permutation name="F7DBE2302C0069D0C79687A06DB3373B">
<phonegap.env>yes</phonegap.env>
<locale>en</locale>
<mgwt.density>high</mgwt.density>
</permutation>
<permutation name="C811082BBB6037F74AD6DEE99A2AEE03">
<phonegap.env>no</phonegap.env>
<locale>en</locale>
<mgwt.density>xhigh</mgwt.density>
</permutation>
<permutation name="37EEBDB65881111F5A69AD4CE2E83569">
<phonegap.env>yes</phonegap.env>
<mgwt.density>xhigh</mgwt.density>
<locale>zh</locale>
</permutation>
<permutation name="8158BFA20E163C58F1B40FF85D866D8A">
<phonegap.env>no</phonegap.env>
<mgwt.density>xhigh</mgwt.density>
<locale>zh</locale>
</permutation>
<permutation name="F534AAA73252C5AAFEDF8E121A191193">
<phonegap.env>no</phonegap.env>
<locale>en</locale>
<mgwt.density>high</mgwt.density>
</permutation>
<permutation name="509E3775186B67E54B03BCD584F25673">
<phonegap.env>yes</phonegap.env>
<mgwt.density>mid</mgwt.density>
<locale>default</locale>
</permutation>
<permutation name="B9B932BCC6266BC8DA47699EB8906BB3">
<mgwt.density>mid</mgwt.density>
<phonegap.env>no</phonegap.env>
<locale>zh</locale>
</permutation>
<permutation name="808B2DA7A3020A968764C24BD6F758E3">
<phonegap.env>yes</phonegap.env>
<mgwt.density>mid</mgwt.density>
<locale>en</locale>
</permutation>
<permutation name="9DE9FE077B4941A60E7955A84A51DE22">
<mgwt.density>mid</mgwt.density>
<locale>default</locale>
<phonegap.env>no</phonegap.env>
</permutation>
</permutations>
