<?xml version="1.0" encoding="UTF-8"?><permutations>
<permutation name="82528ACC0DAD72EE1F2AE4A63FE10A99">
<phonegap.env>yes</phonegap.env>
<locale>en</locale>
<mgwt.density>xhigh</mgwt.density>
</permutation>
<permutation name="7CDCB7223B32EB72EBB359D9C4241723">
<phonegap.env>no</phonegap.env>
<mgwt.density>xhigh</mgwt.density>
<locale>zh</locale>
</permutation>
<permutation name="45FB3F66653D9060FB02309DE568581C">
<phonegap.env>yes</phonegap.env>
<mgwt.density>mid</mgwt.density>
<locale>en</locale>
</permutation>
<permutation name="70AA268EFBFDC09BD1F8A7FE712F1957">
<phonegap.env>no</phonegap.env>
<locale>en</locale>
<mgwt.density>high</mgwt.density>
</permutation>
<permutation name="EF1A203FB572D18EE99938FAEF269362">
<phonegap.env>yes</phonegap.env>
<locale>en</locale>
<mgwt.density>high</mgwt.density>
</permutation>
<permutation name="B7D1F56C177E18754895AC984CE01187">
<mgwt.density>mid</mgwt.density>
<phonegap.env>no</phonegap.env>
<locale>en</locale>
</permutation>
<permutation name="611D308DFC4487BE24C673A69A45CA03">
<mgwt.density>mid</mgwt.density>
<phonegap.env>no</phonegap.env>
<locale>zh</locale>
</permutation>
<permutation name="DE8C9200EB917BBD6C20A8471277E21B">
<locale>default</locale>
<phonegap.env>no</phonegap.env>
<mgwt.density>high</mgwt.density>
</permutation>
<permutation name="DB1F2270A2195BBD899DA19B2957AACF">
<phonegap.env>yes</phonegap.env>
<mgwt.density>xhigh</mgwt.density>
<locale>zh</locale>
</permutation>
<permutation name="ED61521310BFBE39FCC2FC1F73ECCAA1">
<phonegap.env>no</phonegap.env>
<locale>zh</locale>
<mgwt.density>high</mgwt.density>
</permutation>
<permutation name="32F0664613F18E64C0CD426E005B02D6">
<phonegap.env>no</phonegap.env>
<locale>en</locale>
<mgwt.density>xhigh</mgwt.density>
</permutation>
<permutation name="66F500A5FC3CAB34D91CBFE2737D94A1">
<mgwt.density>mid</mgwt.density>
<locale>default</locale>
<phonegap.env>no</phonegap.env>
</permutation>
<permutation name="DC4A73931154312A37972C95D3EE5FBE">
<phonegap.env>yes</phonegap.env>
<locale>default</locale>
<mgwt.density>high</mgwt.density>
</permutation>
<permutation name="5772AA8AECEE64F5A063455612C3A408">
<phonegap.env>yes</phonegap.env>
<mgwt.density>mid</mgwt.density>
<locale>default</locale>
</permutation>
<permutation name="489FA802E5C83556AB1E1EC5B8610009">
<phonegap.env>yes</phonegap.env>
<locale>zh</locale>
<mgwt.density>high</mgwt.density>
</permutation>
<permutation name="BCBD4C219A86FFED3713977F22BE75CD">
<locale>default</locale>
<phonegap.env>no</phonegap.env>
<mgwt.density>xhigh</mgwt.density>
</permutation>
<permutation name="FBEF6ECF3CE5E8B8E0B160AFE2550A84">
<phonegap.env>yes</phonegap.env>
<mgwt.density>mid</mgwt.density>
<locale>zh</locale>
</permutation>
<permutation name="427F960D65CFF42782A34203D1C40ACC">
<phonegap.env>yes</phonegap.env>
<locale>default</locale>
<mgwt.density>xhigh</mgwt.density>
</permutation>
</permutations>
